{"time":"2025-11-13T18:14:54.238178854+02:00","level":"INFO","msg":"BSASEQ","PROGRAM":"INITIALISE","SAMPLE":"ALL","CHROMOSOME":"ALL","STATUS":"STARTED","CMD":"ALL"}
{"time":"2025-11-13T18:14:54.242947654+02:00","level":"INFO","msg":"BSASEQ","PROGRAM":"FILTERING","SAMPLE":"ALL","CHROMOSOME":"ALL","STATUS":"STARTED","CMD":"ALL"}
{"time":"2025-11-13T18:54:37.7068455+02:00","level":"INFO","msg":"BSASEQ","PROGRAM":"INITIALISE","SAMPLE":"ALL","CHROMOSOME":"ALL","STATUS":"STARTED","CMD":"ALL"}
{"time":"2025-11-13T18:54:37.7084063+02:00","level":"INFO","msg":"BSASEQ","PROGRAM":"FILTERING","SAMPLE":"ALL","CHROMOSOME":"ALL","STATUS":"STARTED","CMD":"ALL"}
{"time":"2025-11-13T19:43:46.575938436+02:00","level":"INFO","msg":"BSASEQ","PROGRAM":"INITIALISE","SAMPLE":"ALL","CHROMOSOME":"ALL","STATUS":"STARTED","CMD":"ALL"}
{"time":"2025-11-13T19:43:46.883393422+02:00","level":"INFO","msg":"BSASEQ","PROGRAM":"FILTERING","SAMPLE":"ALL","CHROMOSOME":"ALL","STATUS":"STARTED","CMD":"ALL"}
{"time":"2025-11-13T20:14:29.632062633+02:00","level":"INFO","msg":"BSASEQ","PROGRAM":"INITIALISE","SAMPLE":"ALL","CHROMOSOME":"ALL","STATUS":"STARTED","CMD":"ALL"}
{"time":"2025-11-13T20:14:29.637565033+02:00","level":"INFO","msg":"BSASEQ","PROGRAM":"FILTERING","SAMPLE":"ALL","CHROMOSOME":"ALL","STATUS":"STARTED","CMD":"ALL"}
{"time":"2025-11-13T20:23:36.359696256+02:00","level":"INFO","msg":"BSASEQ","PROGRAM":"INITIALISE","SAMPLE":"ALL","CHROMOSOME":"ALL","STATUS":"STARTED","CMD":"ALL"}
{"time":"2025-11-13T20:23:36.364126157+02:00","level":"INFO","msg":"BSASEQ","PROGRAM":"FILTERING","SAMPLE":"ALL","CHROMOSOME":"ALL","STATUS":"STARTED","CMD":"ALL"}
{"time":"2025-11-13T20:46:05.110327804+02:00","level":"INFO","msg":"BSASEQ","PROGRAM":"INITIALISE","SAMPLE":"ALL","CHROMOSOME":"ALL","STATUS":"STARTED","CMD":"ALL"}
{"time":"2025-11-13T20:46:05.115758303+02:00","level":"INFO","msg":"BSASEQ","PROGRAM":"FILTERING","SAMPLE":"ALL","CHROMOSOME":"ALL","STATUS":"STARTED","CMD":"ALL"}
{"time":"2025-11-13T20:46:31.448511999+02:00","level":"INFO","msg":"BSASEQ","PROGRAM":"INITIALISE","SAMPLE":"ALL","CHROMOSOME":"ALL","STATUS":"COMPLETED"}
{"time":"2025-11-13T20:46:31.448719199+02:00","level":"INFO","msg":"BSASEQ","PROGRAM":"STATS","SAMPLE":"ALL","CHROMOSOME":"ALL","STATUS":"STARTED","CMD":"ALL"}
{"time":"2025-11-13T20:47:24.182208666+02:00","level":"INFO","msg":"BSASEQ","PROGRAM":"STATS","SAMPLE":"ALL","CHROMOSOME":"ALL","STATUS":"COMPLETED","CMD":"ALL"}
{"time":"2025-11-13T20:47:44.065580884+02:00","level":"INFO","msg":"BSASEQ","PROGRAM":"STATS","SAMPLE":"ALL","CHROMOSOME":"ALL","STATUS":"COMPLETED","CMD":"ALL"}
{"time":"2025-11-13T20:47:44.065804484+02:00","level":"INFO","msg":"BSASEQ","PROGRAM":"SLIDING_WINDOW","SAMPLE":"SNP","CHROMOSOME":"ALL","STATUS":"COMPLETED","CMD":"ALL"}
{"time":"2025-11-13T20:49:27.140688547+02:00","level":"INFO","msg":"BSASEQ","PROGRAM":"SLIDING_WINDOW","SAMPLE":"SNP","CHROMOSOME":"ALL","STATUS":"COMPLETED","CMD":"ALL"}
{"time":"2025-11-13T20:49:27.140974747+02:00","level":"INFO","msg":"BSASEQ","PROGRAM":"PLOTTING","SAMPLE":"SNP","CHROMOSOME":"ALL","STATUS":"STARTED","CMD":"ALL"}
{"time":"2025-11-13T20:49:28.065986091+02:00","level":"INFO","msg":"BSASEQ","PROGRAM":"SLIDING_WINDOW","SAMPLE":"SNP","CHROMOSOME":"ALL","STATUS":"COMPLETED","CMD":"ALL"}
{"time":"2025-11-13T20:49:28.066317691+02:00","level":"INFO","msg":"BSASEQ","PROGRAM":"SLIDING_WINDOW","SAMPLE":"INDEL","CHROMOSOME":"ALL","STATUS":"STARTED","CMD":"ALL"}
{"time":"2025-11-13T20:49:54.092644671+02:00","level":"INFO","msg":"BSASEQ","PROGRAM":"SLIDING_WINDOW","SAMPLE":"INDEL","CHROMOSOME":"ALL","STATUS":"COMPLETED"}
{"time":"2025-11-13T20:49:54.092862171+02:00","level":"INFO","msg":"BSASEQ","PROGRAM":"PLOTTING","SAMPLE":"INDEL","CHROMOSOME":"ALL","STATUS":"STARTED","CMD":"ALL"}
{"time":"2025-11-13T20:49:54.10084197+02:00","level":"INFO","msg":"BSASEQ","PROGRAM":"PLOTTING","SAMPLE":"INDEL","CHROMOSOME":"ALL","STATUS":"COMPLETED","CMD":"ALL"}
